[backblue.gif]
[fade.gif]
[index.html]
[sjesinstitutions.com/sjes-society-polytechnic/feed/index.html]
[sjesinstitutions.com/sjes-society-polytechnic/comments/feed/index.html]
[sjesinstitutions.com/sjes-society-polytechnic/wp-content/uploads/2019/01/vision-2.png]
[sjesinstitutions.com/sjes-society-polytechnic/wp-includes/js/jquery/jqueryb8ff.js]
[sjesinstitutions.com/sjes-society-polytechnic/wp-includes/js/jquery/jquery-migrate.min330a.js]
[sjesinstitutions.com/sjes-society-polytechnic/wp-content/plugins/revslider/public/assets/js/jquery.themepunch.tools.min23da.js]
[sjesinstitutions.com/sjes-society-polytechnic/wp-content/plugins/revslider/public/assets/js/jquery.themepunch.revolution.min23da.js]
[sjesinstitutions.com/sjes-society-polytechnic/wp-content/themes/jevelin/js/jquery.cookie3a40.js]
[sjesinstitutions.com/sjes-society-polytechnic/xmlrpc0db0.php]
[sjesinstitutions.com/sjes-society-polytechnic/wp-json/index.html]
[sjesinstitutions.com/sjes-society-polytechnic/wp-includes/wlwmanifest.xml]
[sjesinstitutions.com/sjes-society-polytechnic/wp-json/oembed/1.0/embed0024.json]
[sjesinstitutions.com/sjes-society-polytechnic/wp-json/oembed/1.0/embed54da]
[sjesinstitutions.com/sjes-society-polytechnic/wp-content/uploads/2019/01/sje-polytechnic-1.png]
[sjesinstitutions.com/sjes-society-polytechnic/wp-content/uploads/2018/12/1.jpg]
[sjesinstitutions.com/sjes-society-polytechnic/wp-content/uploads/2016/05/Home_8_slide_1_element_1.png]
[sjesinstitutions.com/sjes-society-polytechnic/wp-content/uploads/2018/12/3.jpg]
[sjesinstitutions.com/sjes-society-polytechnic/wp-content/uploads/2019/01/about-sje-polytech-3-1024x491.png]
[sjesinstitutions.com/sjes-society-polytechnic/wp-content/uploads/2016/05/20180905_115143-660x660.jpg]
[sjesinstitutions.com/sjes-society-polytechnic/wp-content/uploads/2019/01/IMG-20180827-WA0031-660x660.jpg]
[sjesinstitutions.com/sjes-society-polytechnic/wp-content/uploads/2019/01/slv.png]
[sjesinstitutions.com/sjes-society-polytechnic/wp-content/uploads/2019/01/FASHION4U-LOGO1-1.png]
[sjesinstitutions.com/sjes-society-polytechnic/wp-content/uploads/2019/01/dent-plus-logo.png]
[sjesinstitutions.com/sjes-society-polytechnic/wp-content/uploads/2019/01/wipro.png]
[sjesinstitutions.com/sjes-society-polytechnic/wp-content/uploads/2019/01/infosys.png]
[sjesinstitutions.com/sjes-society-polytechnic/wp-content/uploads/2019/01/2.jpg]
[sjesinstitutions.com/sjes-society-polytechnic/wp-content/uploads/2019/01/5.jpg]
[sjesinstitutions.com/sjes-society-polytechnic/wp-content/uploads/2019/01/6.jpg]
[sjesinstitutions.com/sjes-society-polytechnic/wp-content/uploads/2019/01/4.jpg]
[sjesinstitutions.com/sjes-society-polytechnic/wp-content/uploads/2019/01/1.jpg]
[sjesinstitutions.com/sjes-society-polytechnic/wp-content/uploads/2019/01/3.jpg]
[sjesinstitutions.com/sjes-society-polytechnic/wp-includes/js/jquery/ui/effect.mine899.js]
[sjesinstitutions.com/sjes-society-polytechnic/wp-content/themes/jevelin/js/jquery.sumoselect.min5152.js]
[sjesinstitutions.com/sjes-society-polytechnic/wp-includes/js/hoverIntent.minc245.js]
[sjesinstitutions.com/sjes-society-polytechnic/wp-content/themes/jevelin/js/superfish93f6.js]
[sjesinstitutions.com/sjes-society-polytechnic/wp-content/themes/jevelin/js/bootstrap.min7984.js]
[sjesinstitutions.com/sjes-society-polytechnic/wp-content/themes/jevelin/js/wow.min8d1e.js]
[sjesinstitutions.com/sjes-society-polytechnic/wp-content/themes/jevelin/js/jquery.vide3969.js]
[sjesinstitutions.com/sjes-society-polytechnic/wp-content/themes/jevelin/js/jquery.resize.sensorf748.js]
[sjesinstitutions.com/sjes-society-polytechnic/wp-content/themes/jevelin/js/slick.min7fb9.js]
[sjesinstitutions.com/sjes-society-polytechnic/wp-content/themes/jevelin/js/lightcase.min5152.js]
[sjesinstitutions.com/sjes-society-polytechnic/wp-content/themes/jevelin/js/typed5152.js]
[sjesinstitutions.com/sjes-society-polytechnic/wp-content/themes/jevelin/js/jarallax.min6bc5.js]
[sjesinstitutions.com/sjes-society-polytechnic/wp-content/themes/jevelin/js/jarallax-video.minf269.js]
[sjesinstitutions.com/sjes-society-polytechnic/wp-content/themes/jevelin/js/jssocials.min5152.js]
[sjesinstitutions.com/sjes-society-polytechnic/wp-content/themes/jevelin/js/isotope.pkgd.min5152.js]
[sjesinstitutions.com/sjes-society-polytechnic/wp-content/themes/jevelin/js/jquery.counterup.min5152.js]
[sjesinstitutions.com/sjes-society-polytechnic/wp-content/themes/jevelin/js/jquery.waypoints.min5152.js]
[sjesinstitutions.com/sjes-society-polytechnic/wp-content/themes/jevelin/js/velocity.min5152.js]
[sjesinstitutions.com/sjes-society-polytechnic/wp-content/themes/jevelin/js/jquery.viewportChecker5152.js]
[sjesinstitutions.com/sjes-society-polytechnic/wp-includes/js/imagesloaded.min55a0.js]
[sjesinstitutions.com/sjes-society-polytechnic/wp-includes/js/masonry.mind617.js]
[sjesinstitutions.com/sjes-society-polytechnic/wp-content/themes/jevelin/js/jquery.simpleselect.min5152.js]
[sjesinstitutions.com/sjes-society-polytechnic/wp-content/themes/jevelin/js/jquery.hoverdir5152.js]
[sjesinstitutions.com/sjes-society-polytechnic/wp-content/themes/jevelin/js/jquery.actual.mine0a5.js]
[sjesinstitutions.com/sjes-society-polytechnic/wp-content/themes/jevelin/js/smoothscrollc2d0.js]
[sjesinstitutions.com/sjes-society-polytechnic/wp-content/themes/jevelin/js/scripts5152.js]
[sjesinstitutions.com/sjes-society-polytechnic/wp-includes/js/wp-embed.min3a40.js]
[sjesinstitutions.com/sjes-society-polytechnic/wp-includes/js/comment-reply.min3a40.js]
[sjesinstitutions.com/sjes-society-polytechnic/index.html]
[sjesinstitutions.com/sjes-society-polytechnic/wp-includes/css/dist/block-library/style.min3a40.css]
[sjesinstitutions.com/sjes-society-polytechnic/wp-content/plugins/revslider/public/assets/fonts/revicons/revicons90c6.eot]
[sjesinstitutions.com/sjes-society-polytechnic/wp-content/plugins/revslider/public/assets/fonts/revicons/revicons90c6.woff]
[sjesinstitutions.com/sjes-society-polytechnic/wp-content/plugins/revslider/public/assets/fonts/revicons/revicons90c6.ttf]
[sjesinstitutions.com/sjes-society-polytechnic/wp-content/plugins/revslider/public/assets/assets/gridtile.png]
[sjesinstitutions.com/sjes-society-polytechnic/wp-content/plugins/revslider/public/assets/assets/gridtile_white.png]
[sjesinstitutions.com/sjes-society-polytechnic/wp-content/plugins/revslider/public/assets/assets/gridtile_3x3.png]
[sjesinstitutions.com/sjes-society-polytechnic/wp-content/plugins/revslider/public/assets/assets/gridtile_3x3_white.png]
[sjesinstitutions.com/sjes-society-polytechnic/wp-content/plugins/revslider/public/assets/assets/coloredbg.png]
[sjesinstitutions.com/sjes-society-polytechnic/wp-content/plugins/revslider/public/assets/assets/loader.gif]
[sjesinstitutions.com/sjes-society-polytechnic/wp-content/plugins/revslider/public/assets/css/settings23da.css]
[sjesinstitutions.com/sjes-society-polytechnic/wp-content/plugins/unyson/framework/extensions/builder/static/css/frontend-grida09d.css]
[sjesinstitutions.com/sjes-society-polytechnic/wp-content/plugins/unyson/framework/extensions/forms/static/css/frontend2a15.css]
[sjesinstitutions.com/sjes-society-polytechnic/wp-content/plugins/codelights-shortcodes-and-widgets/vendor/font-awesome/fonts/fontawesome-webfont3e6e.eot]
[sjesinstitutions.com/sjes-society-polytechnic/wp-content/plugins/codelights-shortcodes-and-widgets/vendor/font-awesome/fonts/fontawesome-webfontd41d.eot]
[sjesinstitutions.com/sjes-society-polytechnic/wp-content/plugins/codelights-shortcodes-and-widgets/vendor/font-awesome/fonts/fontawesome-webfont3e6e.woff2]
[sjesinstitutions.com/sjes-society-polytechnic/wp-content/plugins/codelights-shortcodes-and-widgets/vendor/font-awesome/fonts/fontawesome-webfont3e6e.woff]
[sjesinstitutions.com/sjes-society-polytechnic/wp-content/plugins/codelights-shortcodes-and-widgets/vendor/font-awesome/fonts/fontawesome-webfont3e6e.ttf]
[sjesinstitutions.com/sjes-society-polytechnic/wp-content/plugins/codelights-shortcodes-and-widgets/vendor/font-awesome/font-awesome.min268f.css]
[sjesinstitutions.com/sjes-society-polytechnic/wp-content/themes/jevelin/css/bootstrap.min7984.css]
[sjesinstitutions.com/sjes-society-polytechnic/wp-content/themes/jevelin/css/animate.min6b00.css]
[sjesinstitutions.com/sjes-society-polytechnic/wp-content/themes/jevelin/css/slick7fb9.css]
[sjesinstitutions.com/sjes-society-polytechnic/wp-content/themes/jevelin/fonts/Simple-Line-Iconsb26c.eot]
[sjesinstitutions.com/sjes-society-polytechnic/wp-content/themes/jevelin/fonts/Simple-Line-Iconsb26c.woff2]
[sjesinstitutions.com/sjes-society-polytechnic/wp-content/themes/jevelin/fonts/Simple-Line-Iconsb26c.ttf]
[sjesinstitutions.com/sjes-society-polytechnic/wp-content/themes/jevelin/fonts/Simple-Line-Iconsb26c.woff]
[sjesinstitutions.com/sjes-society-polytechnic/wp-content/themes/jevelin/css/simple-line-icons8a54.css]
[sjesinstitutions.com/sjes-society-polytechnic/wp-content/themes/jevelin/fonts/themify.eot]
[sjesinstitutions.com/sjes-society-polytechnic/wp-content/themes/jevelin/fonts/themify.woff]
[sjesinstitutions.com/sjes-society-polytechnic/wp-content/themes/jevelin/fonts/themify.ttf]
[sjesinstitutions.com/sjes-society-polytechnic/wp-content/themes/jevelin/css/themify-icons8a54.css]
[sjesinstitutions.com/sjes-society-polytechnic/wp-content/themes/jevelin/fonts/lightcaseeead.eot]
[sjesinstitutions.com/sjes-society-polytechnic/wp-content/themes/jevelin/fonts/lightcaseeead.woff]
[sjesinstitutions.com/sjes-society-polytechnic/wp-content/themes/jevelin/fonts/lightcaseeead.ttf]
[sjesinstitutions.com/sjes-society-polytechnic/wp-content/themes/jevelin/css/lightcase8a54.css]
[sjesinstitutions.com/sjes-society-polytechnic/wp-content/themes/jevelin/css/jssocials8a54.css]
[sjesinstitutions.com/sjes-society-polytechnic/wp-content/themes/jevelin/css/jquery.simpleselect.min8a54.css]
[sjesinstitutions.com/sjes-society-polytechnic/wp-content/themes/jevelin/css/sumoselect.min5152.css]
[sjesinstitutions.com/sjes-society-polytechnic/wp-content/themes/jevelin/css/shortcodes5152.css]
[sjesinstitutions.com/sjes-society-polytechnic/wp-content/themes/jevelin/img/new.png]
[sjesinstitutions.com/sjes-society-polytechnic/wp-content/themes/jevelin/style5152.css]
[sjesinstitutions.com/sjes-society-polytechnic/wp-content/themes/jevelin/css/responsive5152.css]
[sjesinstitutions.com/sjes-society-polytechnic/wp-content/themes/jevelin/fonts/Pe-icon-7-stroke.eot]
[sjesinstitutions.com/sjes-society-polytechnic/wp-content/themes/jevelin/fonts/Pe-icon-7-stroke.woff]
[sjesinstitutions.com/sjes-society-polytechnic/wp-content/themes/jevelin/fonts/Pe-icon-7-stroke.ttf]
[sjesinstitutions.com/sjes-society-polytechnic/wp-content/themes/jevelin/css/pe-icon-7-stroke8a54.css]
[sjesinstitutions.com/sjes-society-polytechnic/wp-json/oembed/1.0/embedba76.json]
[sjesinstitutions.com/sjes-society-polytechnic/wp-json/oembed/1.0/embed0c1c]
[sjesinstitutions.com/sjes-society-polytechnic/wp-content/uploads/2019/01/about-1.jpg]
[sjesinstitutions.com/sjes-society-polytechnic/about/index.html]
[sjesinstitutions.com/sjes-society-polytechnic/wp-json/oembed/1.0/embed8f14.json]
[sjesinstitutions.com/sjes-society-polytechnic/wp-json/oembed/1.0/embedea26]
[sjesinstitutions.com/sjes-society-polytechnic/wp-content/uploads/2019/01/Secretary.jpg]
[sjesinstitutions.com/sjes-society-polytechnic/secretary/index.html]
[sjesinstitutions.com/sjes-society-polytechnic/wp-json/oembed/1.0/embed54f2.json]
[sjesinstitutions.com/sjes-society-polytechnic/wp-json/oembed/1.0/embed3dd7]
[sjesinstitutions.com/sjes-society-polytechnic/founders-message/index.html]
[sjesinstitutions.com/sjes-society-polytechnic/wp-content/plugins/so-widgets-bundle/widgets/tabs/js/tabs.mind584.js]
[sjesinstitutions.com/sjes-society-polytechnic/wp-json/oembed/1.0/embed77b3.json]
[sjesinstitutions.com/sjes-society-polytechnic/wp-json/oembed/1.0/embed8dc1]
[sjesinstitutions.com/sjes-society-polytechnic/wp-content/uploads/2019/01/admission-300x225.png]
[sjesinstitutions.com/sjes-society-polytechnic/wp-content/uploads/2019/01/uniform-300x210.png]
[sjesinstitutions.com/sjes-society-polytechnic/wp-content/uploads/2019/01/rules-and-regulations-300x225.jpg]
[sjesinstitutions.com/sjes-society-polytechnic/wp-content/uploads/2019/01/Attendance-300x197.jpg]
[sjesinstitutions.com/sjes-society-polytechnic/admission/index.html]
[sjesinstitutions.com/sjes-society-polytechnic/wp-json/oembed/1.0/embed9e53.json]
[sjesinstitutions.com/sjes-society-polytechnic/wp-json/oembed/1.0/embeda356]
[sjesinstitutions.com/sjes-society-polytechnic/wp-content/uploads/2019/01/Picture1.jpg]
[sjesinstitutions.com/sjes-society-polytechnic/placement/index.html]
[sjesinstitutions.com/sjes-society-polytechnic/wp-content/uploads/2016/05/20180905_115143-660x420.jpg]
[sjesinstitutions.com/sjes-society-polytechnic/portfolio/gallery/feed/index.html]
[sjesinstitutions.com/sjes-society-polytechnic/wp-content/uploads/2016/05/20180905_115143-1024x768.jpg]
[sjesinstitutions.com/sjes-society-polytechnic/wp-content/uploads/2019/01/IMG-20180827-WA0031-660x420.jpg]
[sjesinstitutions.com/sjes-society-polytechnic/wp-content/uploads/2019/01/IMG-20180827-WA0031-1024x682.jpg]
[sjesinstitutions.com/sjes-society-polytechnic/portfolio/gallery/index.html]
[sjesinstitutions.com/sjes-society-polytechnic/wp-json/oembed/1.0/embed0c8b.json]
[sjesinstitutions.com/sjes-society-polytechnic/wp-json/oembed/1.0/embed908c]
[sjesinstitutions.com/sjes-society-polytechnic/wp-content/uploads/2016/05/20180905_115140-1024x768.jpg]
[sjesinstitutions.com/sjes-society-polytechnic/wp-content/uploads/2016/05/20180905_115140-660x660.jpg]
[sjesinstitutions.com/sjes-society-polytechnic/wp-content/uploads/2016/05/20180905_111411-1024x768.jpg]
[sjesinstitutions.com/sjes-society-polytechnic/wp-content/uploads/2016/05/20180905_111411-660x660.jpg]
[sjesinstitutions.com/sjes-society-polytechnic/wp-content/uploads/2016/05/Portfolio_6_4-660x420.jpg]
[sjesinstitutions.com/sjes-society-polytechnic/wp-content/uploads/2016/05/Portfolio_6_4-1024x852.jpg]
[sjesinstitutions.com/sjes-society-polytechnic/wp-content/uploads/2016/05/Portfolio_5-660x420.jpg]
[sjesinstitutions.com/sjes-society-polytechnic/wp-content/uploads/2016/05/Portfolio_5-1024x693.jpg]
[sjesinstitutions.com/sjes-society-polytechnic/wp-content/plugins/unyson/framework/extensions/portfolio/static/js/jquery.nivo.slidercb18.js]
[sjesinstitutions.com/sjes-society-polytechnic/wp-content/plugins/unyson/framework/extensions/portfolio/static/js/projects-scriptcb18.js]
[sjesinstitutions.com/sjes-society-polytechnic/project/teacherss-day-2/index.html]
[sjesinstitutions.com/sjes-society-polytechnic/wp-json/oembed/1.0/embed41ad.json]
[sjesinstitutions.com/sjes-society-polytechnic/wp-json/oembed/1.0/embedd551]
[sjesinstitutions.com/sjes-society-polytechnic/wp-content/uploads/2019/01/20180821_130409-1024x768.jpg]
[sjesinstitutions.com/sjes-society-polytechnic/wp-content/uploads/2019/01/20180821_130409-660x660.jpg]
[sjesinstitutions.com/sjes-society-polytechnic/wp-content/uploads/2019/01/20180821_130412-1024x768.jpg]
[sjesinstitutions.com/sjes-society-polytechnic/wp-content/uploads/2019/01/20180821_130412-660x660.jpg]
[sjesinstitutions.com/sjes-society-polytechnic/wp-content/uploads/2019/01/20180821_130427-1024x768.jpg]
[sjesinstitutions.com/sjes-society-polytechnic/wp-content/uploads/2019/01/20180821_130427-660x660.jpg]
[sjesinstitutions.com/sjes-society-polytechnic/wp-content/uploads/2019/01/IMG-20180827-WA0007-1024x682.jpg]
[sjesinstitutions.com/sjes-society-polytechnic/wp-content/uploads/2019/01/IMG-20180827-WA0007-660x660.jpg]
[sjesinstitutions.com/sjes-society-polytechnic/wp-content/uploads/2019/01/IMG-20180827-WA0008-1024x682.jpg]
[sjesinstitutions.com/sjes-society-polytechnic/wp-content/uploads/2019/01/IMG-20180827-WA0008-660x660.jpg]
[sjesinstitutions.com/sjes-society-polytechnic/wp-content/uploads/2019/01/IMG-20180827-WA0011-1024x682.jpg]
[sjesinstitutions.com/sjes-society-polytechnic/wp-content/uploads/2019/01/IMG-20180827-WA0011-660x660.jpg]
[sjesinstitutions.com/sjes-society-polytechnic/wp-content/uploads/2019/01/IMG-20180827-WA0021-1024x682.jpg]
[sjesinstitutions.com/sjes-society-polytechnic/wp-content/uploads/2019/01/IMG-20180827-WA0021-660x660.jpg]
[sjesinstitutions.com/sjes-society-polytechnic/wp-content/uploads/2019/01/IMG-20180827-WA0024-1024x682.jpg]
[sjesinstitutions.com/sjes-society-polytechnic/wp-content/uploads/2019/01/IMG-20180827-WA0024-660x660.jpg]
[sjesinstitutions.com/sjes-society-polytechnic/wp-content/uploads/2019/01/IMG-20180827-WA0025-1024x682.jpg]
[sjesinstitutions.com/sjes-society-polytechnic/wp-content/uploads/2019/01/IMG-20180827-WA0025-660x660.jpg]
[sjesinstitutions.com/sjes-society-polytechnic/wp-content/uploads/2019/01/IMG-20180827-WA0026-1024x682.jpg]
[sjesinstitutions.com/sjes-society-polytechnic/wp-content/uploads/2019/01/IMG-20180827-WA0026-660x660.jpg]
[sjesinstitutions.com/sjes-society-polytechnic/wp-content/uploads/2019/01/IMG-20180827-WA0028-1024x682.jpg]
[sjesinstitutions.com/sjes-society-polytechnic/wp-content/uploads/2019/01/IMG-20180827-WA0028-660x660.jpg]
[sjesinstitutions.com/sjes-society-polytechnic/wp-content/uploads/2019/01/IMG-20180827-WA0030-1024x682.jpg]
[sjesinstitutions.com/sjes-society-polytechnic/wp-content/uploads/2019/01/IMG-20180827-WA0030-660x660.jpg]
[sjesinstitutions.com/sjes-society-polytechnic/wp-content/uploads/2016/05/Portfolio_6-660x420.jpg]
[sjesinstitutions.com/sjes-society-polytechnic/wp-content/uploads/2016/05/Portfolio_6-1024x569.jpg]
[sjesinstitutions.com/sjes-society-polytechnic/project/freshers-day-2/index.html]
[sjesinstitutions.com/sjes-society-polytechnic/wp-json/oembed/1.0/embed7f41.json]
[sjesinstitutions.com/sjes-society-polytechnic/wp-json/oembed/1.0/embed1a7e]
[sjesinstitutions.com/sjes-society-polytechnic/wp-content/uploads/2016/05/Portfolio_2-660x420.jpg]
[sjesinstitutions.com/sjes-society-polytechnic/wp-content/uploads/2016/05/Portfolio_2-1024x683.jpg]
[sjesinstitutions.com/sjes-society-polytechnic/wp-content/uploads/2016/05/Portfolio_5_1-660x420.jpg]
[sjesinstitutions.com/sjes-society-polytechnic/wp-content/uploads/2016/05/Portfolio_5_1-1024x685.jpg]
[sjesinstitutions.com/sjes-society-polytechnic/project/freshers-day/index.html]
[sjesinstitutions.com/sjes-society-polytechnic/wp-json/oembed/1.0/embedbde2.json]
[sjesinstitutions.com/sjes-society-polytechnic/wp-json/oembed/1.0/embed3d5f]
[sjesinstitutions.com/sjes-society-polytechnic/project/teacherss-day/index.html]
[sjesinstitutions.com/sjes-society-polytechnic/8095229329.html]
[sjesinstitutions.com/sjes-society-polytechnic/wp-content/plugins/revslider/public/assets/fonts/revicons/revicons90c6.svg]
[sjesinstitutions.com/sjes-society-polytechnic/wp-content/plugins/revslider/public/assets/css/openhand.html]
[sjesinstitutions.com/sjes-society-polytechnic/wp-content/plugins/revslider/public/assets/css/closedhand.html]
[sjesinstitutions.com/sjes-society-polytechnic/wp-content/plugins/codelights-shortcodes-and-widgets/vendor/font-awesome/fonts/fontawesome-webfont3e6e.svg]
[sjesinstitutions.com/sjes-society-polytechnic/wp-content/themes/jevelin/fonts/glyphicons-halflings-regular.html]
[sjesinstitutions.com/sjes-society-polytechnic/wp-content/themes/jevelin/fonts/glyphicons-halflings-regulard41d.html]
[sjesinstitutions.com/sjes-society-polytechnic/wp-content/themes/jevelin/fonts/glyphicons-halflings-regular-2.html]
[sjesinstitutions.com/sjes-society-polytechnic/wp-content/themes/jevelin/fonts/glyphicons-halflings-regular-3.html]
[sjesinstitutions.com/sjes-society-polytechnic/wp-content/themes/jevelin/fonts/glyphicons-halflings-regular-4.html]
[sjesinstitutions.com/sjes-society-polytechnic/wp-content/themes/jevelin/fonts/glyphicons-halflings-regular-5.html]
[sjesinstitutions.com/sjes-society-polytechnic/wp-content/themes/jevelin/fonts/Simple-Line-Iconsb26c.svg]
[sjesinstitutions.com/sjes-society-polytechnic/wp-content/themes/jevelin/fonts/themify.svg]
[sjesinstitutions.com/sjes-society-polytechnic/wp-content/themes/jevelin/fonts/lightcaseeead.svg]
[sjesinstitutions.com/sjes-society-polytechnic/wp-content/themes/jevelin/fonts/Pe-icon-7-stroke.svg]
[sjesinstitutions.com/sjes-society-polytechnic/wp-content/plugins/siteorigin-panels/css/front-flex.minc867.css]
[sjesinstitutions.com/sjes-society-polytechnic/index71e2.html]
[sjesinstitutions.com/sjes-society-polytechnic/index3861.html]
[sjesinstitutions.com/sjes-society-polytechnic/index2f19.html]
[sjesinstitutions.com/sjes-society-polytechnic/wp-content/uploads/siteorigin-widgets/sow-tabs-default-b50ea829dc743a40.css]
[sjesinstitutions.com/sjes-society-polytechnic/index92c3.html]
[sjesinstitutions.com/sjes-society-polytechnic/index325c.html]
[sjesinstitutions.com/sjes-society-polytechnic/wp-content/plugins/unyson/framework/extensions/portfolio/static/css/NivoSlider/themes/default/loading.gif]
[sjesinstitutions.com/sjes-society-polytechnic/wp-content/plugins/unyson/framework/extensions/portfolio/static/css/NivoSlider/themes/default/bullets.png]
[sjesinstitutions.com/sjes-society-polytechnic/wp-content/plugins/unyson/framework/extensions/portfolio/static/css/NivoSlider/themes/default/arrows.png]
[sjesinstitutions.com/sjes-society-polytechnic/wp-content/plugins/unyson/framework/extensions/portfolio/static/css/NivoSlider/themes/default/defaultcb18.css]
[sjesinstitutions.com/sjes-society-polytechnic/wp-content/plugins/unyson/framework/extensions/portfolio/static/css/NivoSlider/themes/dark/loading.gif]
[sjesinstitutions.com/sjes-society-polytechnic/wp-content/plugins/unyson/framework/extensions/portfolio/static/css/NivoSlider/themes/dark/bullets.png]
[sjesinstitutions.com/sjes-society-polytechnic/wp-content/plugins/unyson/framework/extensions/portfolio/static/css/NivoSlider/themes/dark/arrows.png]
[sjesinstitutions.com/sjes-society-polytechnic/wp-content/plugins/unyson/framework/extensions/portfolio/static/css/NivoSlider/themes/dark/darkcb18.css]
[sjesinstitutions.com/sjes-society-polytechnic/wp-content/plugins/unyson/framework/extensions/portfolio/static/css/nivo-slidercb18.css]
[sjesinstitutions.com/sjes-society-polytechnic/indexce54.html]
[sjesinstitutions.com/sjes-society-polytechnic/wp-json/oembed/1.0/embed83cd.json]
[sjesinstitutions.com/sjes-society-polytechnic/wp-json/oembed/1.0/embeda16d]
[sjesinstitutions.com/sjes-society-polytechnic/project/kissing-the-bride/index.html]
[sjesinstitutions.com/sjes-society-polytechnic/wp-json/oembed/1.0/embed51ca.json]
[sjesinstitutions.com/sjes-society-polytechnic/wp-json/oembed/1.0/embedb042]
[sjesinstitutions.com/sjes-society-polytechnic/project/the-bouquet-2/index.html]
[sjesinstitutions.com/sjes-society-polytechnic/index0c04.html]
[sjesinstitutions.com/sjes-society-polytechnic/wp-json/oembed/1.0/embeda797.json]
[sjesinstitutions.com/sjes-society-polytechnic/wp-json/oembed/1.0/embeda111]
[sjesinstitutions.com/sjes-society-polytechnic/project/taking-a-chill/index.html]
[sjesinstitutions.com/sjes-society-polytechnic/wp-json/oembed/1.0/embed1939.json]
[sjesinstitutions.com/sjes-society-polytechnic/wp-json/oembed/1.0/embed9edf]
[sjesinstitutions.com/sjes-society-polytechnic/project/love-sunset-4/index.html]
[sjesinstitutions.com/sjes-society-polytechnic/indexaaf8.html]
[sjesinstitutions.com/sjes-society-polytechnic/wp-json/oembed/1.0/embed27f3.json]
[sjesinstitutions.com/sjes-society-polytechnic/wp-json/oembed/1.0/embed294d]
[sjesinstitutions.com/sjes-society-polytechnic/wp-content/uploads/2016/05/Portfolio_2.jpg]
[sjesinstitutions.com/sjes-society-polytechnic/project/the-bouquet/index.html]
[sjesinstitutions.com/sjes-society-polytechnic/wp-json/oembed/1.0/embedfb93.json]
[sjesinstitutions.com/sjes-society-polytechnic/wp-json/oembed/1.0/embed254e]
[sjesinstitutions.com/sjes-society-polytechnic/wp-content/uploads/2016/05/Portfolio_5_1.jpg]
[sjesinstitutions.com/sjes-society-polytechnic/project/love-sunset/index.html]
[sjesinstitutions.com/sjes-society-polytechnic/indexccf0.html]
[sjesinstitutions.com/sjes-society-polytechnic/index3350.html]
[sjesinstitutions.com/sjes-society-polytechnic/portfolio/art/index.html]
[sjesinstitutions.com/sjes-society-polytechnic/portfolio/design/index.html]
[sjesinstitutions.com/sjes-society-polytechnic/index0325.html]
[sjesinstitutions.com/sjes-society-polytechnic/portfolio/photography/index.html]
[sjesinstitutions.com/sjes-society-polytechnic/portfolio/art/feed/index.html]
[sjesinstitutions.com/sjes-society-polytechnic/portfolio/design/feed/index.html]
[sjesinstitutions.com/sjes-society-polytechnic/portfolio/photography/feed/index.html]
[sjesinstitutions.com/sjes-society-polytechnic/wp-json/oembed/1.0/embedb943.json]
[sjesinstitutions.com/sjes-society-polytechnic/wp-json/oembed/1.0/embed1e9b]
[sjesinstitutions.com/sjes-society-polytechnic/project/love-sunset-2/index.html]
[sjesinstitutions.com/sjes-society-polytechnic/wp-json/oembed/1.0/embed720d.json]
[sjesinstitutions.com/sjes-society-polytechnic/wp-json/oembed/1.0/embeddd47]
[sjesinstitutions.com/sjes-society-polytechnic/project/love-sunset-3/index.html]
[sjesinstitutions.com/sjes-society-polytechnic/index4837.html]
[sjesinstitutions.com/sjes-society-polytechnic/indexb998.html]
[sjesinstitutions.com/sjes-society-polytechnic/indexf4d1.html]
[sjesinstitutions.com/sjes-society-polytechnic/portfolio/decorations/index.html]
[sjesinstitutions.com/sjes-society-polytechnic/indexff23.html]
[sjesinstitutions.com/sjes-society-polytechnic/indexccf8.html]
[sjesinstitutions.com/sjes-society-polytechnic/index7b17.html]
[sjesinstitutions.com/sjes-society-polytechnic/portfolio/decorations/feed/index.html]
